EN resolution_mouse_informer NULL D:/Desktop/VGA_Duck_FINAL/VGA_Duck_Nuevo/resolution_mouse_informer.vhd sub00/vhpl14 1353614262
EN vga_sync NULL D:/Desktop/VGA_Duck_FINAL/VGA_Duck_Nuevo/VGA_SYNC.VHD sub00/vhpl02 1353614268
AR resolution_mouse_informer behavioral D:/Desktop/VGA_Duck_FINAL/VGA_Duck_Nuevo/resolution_mouse_informer.vhd sub00/vhpl15 1353614263
EN mouse_controller NULL D:/Desktop/VGA_Duck_FINAL/VGA_Duck_Nuevo/mouse_controller.vhd sub00/vhpl12 1353614260
AR mouse_controller behavioral D:/Desktop/VGA_Duck_FINAL/VGA_Duck_Nuevo/mouse_controller.vhd sub00/vhpl13 1353614261
AR ps2interface behavioral D:/Desktop/VGA_Duck_FINAL/VGA_Duck_Nuevo/ps2interface.vhd sub00/vhpl11 1353614265
AR clk_div_25mhz behavioral D:/Desktop/VGA_Duck_FINAL/VGA_Duck_Nuevo/Clk_div_25MHz.vhd sub00/vhpl01 1353614267
EN vga_proyect NULL D:/Desktop/VGA_Duck_FINAL/VGA_Duck_Nuevo/VGA_Proyect.vhf sub00/vhpl08 1353614276
AR vga_sync a D:/Desktop/VGA_Duck_FINAL/VGA_Duck_Nuevo/VGA_SYNC.VHD sub00/vhpl03 1353614269
EN clk_div_25mhz NULL D:/Desktop/VGA_Duck_FINAL/VGA_Duck_Nuevo/Clk_div_25MHz.vhd sub00/vhpl00 1353614266
AR mymemory mymemory_a D:/Desktop/VGA_Duck_FINAL/VGA_Duck_Nuevo/ipcore_dir/mymemory.vhd sub00/vhpl07 1353614273
AR reader behavioral D:/Desktop/VGA_Duck_FINAL/VGA_Duck_Nuevo/reader.vhd sub00/vhpl05 1353614271
EN mouserefcomp NULL D:/Desktop/VGA_Duck_FINAL/VGA_Duck_Nuevo/MouseRefComp.vhd sub00/vhpl16 1353614274
EN ps2interface NULL D:/Desktop/VGA_Duck_FINAL/VGA_Duck_Nuevo/ps2interface.vhd sub00/vhpl10 1353614264
AR mouserefcomp structural D:/Desktop/VGA_Duck_FINAL/VGA_Duck_Nuevo/MouseRefComp.vhd sub00/vhpl17 1353614275
EN reader NULL D:/Desktop/VGA_Duck_FINAL/VGA_Duck_Nuevo/reader.vhd sub00/vhpl04 1353614270
EN mymemory NULL D:/Desktop/VGA_Duck_FINAL/VGA_Duck_Nuevo/ipcore_dir/mymemory.vhd sub00/vhpl06 1353614272
AR vga_proyect behavioral D:/Desktop/VGA_Duck_FINAL/VGA_Duck_Nuevo/VGA_Proyect.vhf sub00/vhpl09 1353614277
