V3 38
FL D:/Desktop/VGA_Duck_FINAL/VGA_Duck_Nuevo/Clk_div_25MHz.vhd 2012/10/24.08:08:26 P.28xd
EN work/Clk_div_25MHz 1353614266 \
      FL D:/Desktop/VGA_Duck_FINAL/VGA_Duck_Nuevo/Clk_div_25MHz.vhd \
      PB ieee/std_logic_1164 1341906176
AR work/Clk_div_25MHz/Behavioral 1353614267 \
      FL D:/Desktop/VGA_Duck_FINAL/VGA_Duck_Nuevo/Clk_div_25MHz.vhd \
      EN work/Clk_div_25MHz 1353614266
FL D:/Desktop/VGA_Duck_FINAL/VGA_Duck_Nuevo/ipcore_dir/mymemory.vhd 2012/10/24.11:09:16 P.28xd
EN work/mymemory 1353614272 \
      FL D:/Desktop/VGA_Duck_FINAL/VGA_Duck_Nuevo/ipcore_dir/mymemory.vhd \
      PB ieee/std_logic_1164 1341906176
AR work/mymemory/mymemory_a 1353614273 \
      FL D:/Desktop/VGA_Duck_FINAL/VGA_Duck_Nuevo/ipcore_dir/mymemory.vhd \
      EN work/mymemory 1353614272
FL D:/Desktop/VGA_Duck_FINAL/VGA_Duck_Nuevo/MouseRefComp.vhd 2008/03/01.18:24:32 P.28xd
EN work/MouseRefComp 1353614274 \
      FL D:/Desktop/VGA_Duck_FINAL/VGA_Duck_Nuevo/MouseRefComp.vhd \
      PB ieee/std_logic_1164 1341906176 PB ieee/NUMERIC_STD 1341906182 LB UNISIM \
      PH unisim/VCOMPONENTS 1341906184
AR work/MouseRefComp/Structural 1353614275 \
      FL D:/Desktop/VGA_Duck_FINAL/VGA_Duck_Nuevo/MouseRefComp.vhd \
      EN work/MouseRefComp 1353614274 CP mouse_controller \
      CP resolution_mouse_informer CP ps2interface
FL D:/Desktop/VGA_Duck_FINAL/VGA_Duck_Nuevo/mouse_controller.vhd 2006/10/02.01:21:32 P.28xd
EN work/mouse_controller 1353614260 \
      FL D:/Desktop/VGA_Duck_FINAL/VGA_Duck_Nuevo/mouse_controller.vhd \
      PB ieee/std_logic_1164 1341906176 PB ieee/std_logic_arith 1341906177 \
      PB ieee/STD_LOGIC_UNSIGNED 1341906179 LB UNISIM PH unisim/VCOMPONENTS 1341906184
AR work/mouse_controller/Behavioral 1353614261 \
      FL D:/Desktop/VGA_Duck_FINAL/VGA_Duck_Nuevo/mouse_controller.vhd \
      EN work/mouse_controller 1353614260
FL D:/Desktop/VGA_Duck_FINAL/VGA_Duck_Nuevo/ps2interface.vhd 2011/10/31.22:39:36 P.28xd
EN work/ps2interface 1353614264 \
      FL D:/Desktop/VGA_Duck_FINAL/VGA_Duck_Nuevo/ps2interface.vhd \
      PB ieee/std_logic_1164 1341906176 PB ieee/std_logic_arith 1341906177 \
      PB ieee/STD_LOGIC_UNSIGNED 1341906179 LB UNISIM PH unisim/VCOMPONENTS 1341906184
AR work/ps2interface/Behavioral 1353614265 \
      FL D:/Desktop/VGA_Duck_FINAL/VGA_Duck_Nuevo/ps2interface.vhd \
      EN work/ps2interface 1353614264
FL D:/Desktop/VGA_Duck_FINAL/VGA_Duck_Nuevo/reader.vhd 2012/11/22.14:56:15 P.28xd
EN work/reader 1353614270 FL D:/Desktop/VGA_Duck_FINAL/VGA_Duck_Nuevo/reader.vhd \
      PB ieee/std_logic_1164 1341906176 PB ieee/std_logic_arith 1341906177 \
      PB ieee/STD_LOGIC_UNSIGNED 1341906179
AR work/reader/Behavioral 1353614271 \
      FL D:/Desktop/VGA_Duck_FINAL/VGA_Duck_Nuevo/reader.vhd EN work/reader 1353614270
FL D:/Desktop/VGA_Duck_FINAL/VGA_Duck_Nuevo/resolution_mouse_informer.vhd 2006/09/30.23:20:04 P.28xd
EN work/resolution_mouse_informer 1353614262 \
      FL D:/Desktop/VGA_Duck_FINAL/VGA_Duck_Nuevo/resolution_mouse_informer.vhd \
      PB ieee/std_logic_1164 1341906176 PB ieee/std_logic_arith 1341906177 \
      PB ieee/STD_LOGIC_UNSIGNED 1341906179 LB UNISIM PH unisim/VCOMPONENTS 1341906184
AR work/resolution_mouse_informer/Behavioral 1353614263 \
      FL D:/Desktop/VGA_Duck_FINAL/VGA_Duck_Nuevo/resolution_mouse_informer.vhd \
      EN work/resolution_mouse_informer 1353614262
FL D:/Desktop/VGA_Duck_FINAL/VGA_Duck_Nuevo/VGA_Proyect.vhf 2012/11/22.14:57:35 P.28xd
EN work/VGA_Proyect 1353614276 \
      FL D:/Desktop/VGA_Duck_FINAL/VGA_Duck_Nuevo/VGA_Proyect.vhf \
      PB ieee/std_logic_1164 1341906176 PB ieee/NUMERIC_STD 1341906182 LB UNISIM \
      PH unisim/VCOMPONENTS 1341906184
AR work/VGA_Proyect/BEHAVIORAL 1353614277 \
      FL D:/Desktop/VGA_Duck_FINAL/VGA_Duck_Nuevo/VGA_Proyect.vhf \
      EN work/VGA_Proyect 1353614276 CP Clk_div_25MHz CP VGA_SYNC CP reader \
      CP mymemory CP MouseRefComp CP GND CP INV
FL D:/Desktop/VGA_Duck_FINAL/VGA_Duck_Nuevo/VGA_SYNC.VHD 2012/10/24.08:08:26 P.28xd
EN work/VGA_SYNC 1353614268 \
      FL D:/Desktop/VGA_Duck_FINAL/VGA_Duck_Nuevo/VGA_SYNC.VHD \
      PB ieee/std_logic_1164 1341906176 PB ieee/std_logic_arith 1341906177 \
      PB ieee/STD_LOGIC_UNSIGNED 1341906179
AR work/VGA_SYNC/a 1353614269 \
      FL D:/Desktop/VGA_Duck_FINAL/VGA_Duck_Nuevo/VGA_SYNC.VHD EN work/VGA_SYNC 1353614268
